// Jest Snapshot v1, https://goo.gl/fbAQLP

exports[`ShowDetails should render styles correctly 1`] = `<div />`;
